Archive member included to satisfy reference by file (symbol)

../libkernel/libkernel.a(rtc_mktime.o)
                              ../libkernel/obj/start.o (rtc_mktime)
../libkernel/libkernel.a(gpf.o)
                              pgftdemo.o (isrGPF)
../libkernel/libkernel.a(screen_sel_page.o)
                              pgftdemo.o (screen_sel_page)
../libkernel/libkernel.a(screen_write.o)
                              pgftdemo.o (screen_write)
../libkernel/libkernel.a(stacktrace.o)
                              ../libkernel/libkernel.a(gpf.o) (stkname)
../libkernel/libkernel.a(int32_to_hex.o)
                              ../libkernel/libkernel.a(stacktrace.o) (int32_to_hex)
../libkernel/libkernel.a(screen_get_page.o)
                              ../libkernel/libkernel.a(screen_write.o) (screen_get_page)
../libkernel/libkernel.a(int_to_hex.o)
                              pgftdemo.o (int_to_hex)
../libkernel/libkernel.a(screen_get_pos.o)
                              ../libkernel/libkernel.a(screen_write.o) (screen_get_pos)
../libkernel/libkernel.a(screen_scrollup.o)
                              ../libkernel/libkernel.a(screen_write.o) (screen_scrollup)
../libkernel/libkernel.a(screen_set_cursor.o)
                              ../libkernel/libkernel.a(screen_write.o) (screen_set_cursor)
../libkernel/libkernel.a(hexdigits.o)
                              ../libkernel/libkernel.a(int32_to_hex.o) (hex_digits)

Allocating common symbols
Common symbol       size              file

programm_page_table
                    0x1000            pfhandler.o
kernel_page_table   0x1000            pfhandler.o
stack_page_table    0x1000            pfhandler.o
page_bitfield       0x20000           pfhandler.o
page_directory      0x1000            pfhandler.o

Memory Configuration

Name             Origin             Length             Attributes
*default*        0x0000000000000000 0xffffffffffffffff

Linker script and memory map

LOAD pgftdemo.o
LOAD pfhandler.o
                0x0000000000010000                LD_DATA_ADDR = 0x10000
                0x0000000000018000                LD_BSS_ADDR = 0x18000
                0x0000000000010000                LD_TEXT_START = 0x10000
                0x0000000000020000                LD_DATA_START = (LD_TEXT_START + LD_DATA_ADDR)
                0x0000000000028000                LD_BSS_START = (LD_TEXT_START + LD_BSS_ADDR)

.signature      0x0000000000000000       0x21
 start.o(.signature)
 .signature     0x0000000000000000       0x14 ../libkernel/obj/start.o
 .signature     0x0000000000000014        0xd pgftdemo.o

.eh_frame       0x0000000000000024      0x108
 .eh_frame      0x0000000000000024       0xe4 pfhandler.o
 .eh_frame      0x0000000000000108       0x24 ../libkernel/libkernel.a(rtc_mktime.o)
                                         0x3c (size before relaxing)

.note.gnu.build-id
                0x000000000000012c       0x20
 *(.note.gnu.build-id)
 .note.gnu.build-id
                0x000000000000012c       0x20 pgftdemo.o

.text16         0x0000000000000150      0x180
 start.o(.text16)
 .text16        0x0000000000000150      0x175 ../libkernel/obj/start.o
                0x0000000000000150                _start
                0x000000000000018f                rm_enter
 *(.text16)
                0x00000000000002d0                . = ALIGN (0x10)
 *fill*         0x00000000000002c5        0xb 

.text           0x00000000000002d0      0x7e1
                0x00000000000002d0                code = .
                0x00000000000002d0                _code = .
                0x00000000000002d0                __code = .
 start.o(.text)
 .text          0x00000000000002d0       0x47 ../libkernel/obj/start.o
                0x00000000000002d0                pm_enter
 *(.text)
 .text          0x0000000000000317       0xbb pgftdemo.o
                0x0000000000000317                main
                0x00000000000003d0                bail_out
 .text          0x00000000000003d2      0x2ff pfhandler.o
                0x00000000000003d2                setPresentBit
                0x0000000000000457                isPresentBit
                0x00000000000004ae                pfhandler
                0x0000000000000635                init_paging
 .text          0x00000000000006d1       0x5d ../libkernel/libkernel.a(rtc_mktime.o)
                0x00000000000006d1                rtc_mktime
 *fill*         0x000000000000072e        0x2 
 .text          0x0000000000000730       0x80 ../libkernel/libkernel.a(gpf.o)
                0x0000000000000730                isrGPF
 .text          0x00000000000007b0       0x69 ../libkernel/libkernel.a(screen_sel_page.o)
                0x00000000000007b0                screen_sel_page
 *fill*         0x0000000000000819        0x7 
 .text          0x0000000000000820       0x73 ../libkernel/libkernel.a(screen_write.o)
                0x0000000000000820                screen_write
 *fill*         0x0000000000000893        0x5 
 .text          0x0000000000000898       0xd5 ../libkernel/libkernel.a(stacktrace.o)
                0x0000000000000898                print_stacktrace
                0x0000000000000948                get_flags_str
 *fill*         0x000000000000096d        0x3 
 .text          0x0000000000000970       0x21 ../libkernel/libkernel.a(int32_to_hex.o)
                0x0000000000000970                int32_to_hex
 *fill*         0x0000000000000991        0x7 
 .text          0x0000000000000998       0x39 ../libkernel/libkernel.a(screen_get_page.o)
                0x0000000000000998                screen_get_page
 *fill*         0x00000000000009d1        0xf 
 .text          0x00000000000009e0       0x1c ../libkernel/libkernel.a(int_to_hex.o)
                0x00000000000009e0                int_to_hex
 .text          0x00000000000009fc       0x25 ../libkernel/libkernel.a(screen_get_pos.o)
                0x00000000000009fc                screen_get_pos
 *fill*         0x0000000000000a21        0x7 
 .text          0x0000000000000a28       0x34 ../libkernel/libkernel.a(screen_scrollup.o)
                0x0000000000000a28                screen_scrollup
 *fill*         0x0000000000000a5c        0x4 
 .text          0x0000000000000a60       0x51 ../libkernel/libkernel.a(screen_set_cursor.o)
                0x0000000000000a60                screen_set_cursor
                0x0000000000000ab1                PROVIDE (etext, .)

.iplt           0x0000000000000ac0        0x0
 .iplt          0x0000000000000ac0        0x0 pgftdemo.o

.rel.dyn        0x0000000000000ab4        0x0
 .rel.iplt      0x0000000000000ab4        0x0 pgftdemo.o
 .rel.text      0x0000000000000ab4        0x0 pgftdemo.o
 .rel.signature
                0x0000000000000ab4        0x0 pgftdemo.o

.data           0x0000000000000000      0xb70 load address 0x0000000000010000
                0x0000000000000000                data = .
                0x0000000000000000                _data = .
                0x0000000000000000                __data = .
                0x0000000000000000                sdata = ADDR (.data)
 *(.data)
 .data          0x0000000000000000      0x8ed pgftdemo.o
                0x0000000000000000                theGDT
                0x0000000000000060                regGDT
                0x0000000000000070                theIDT
                0x0000000000000870                regIDT
 *fill*         0x00000000000008ed        0x3 
 .data          0x00000000000008f0        0x8 pfhandler.o
                0x00000000000008f0                replace_pte_offset
                0x00000000000008f4                startaddress
 .data          0x00000000000008f8       0x44 ../libkernel/obj/start.o
                0x0000000000000938                ticks
 *fill*         0x000000000000093c        0x4 
 .data          0x0000000000000940      0x120 ../libkernel/libkernel.a(rtc_mktime.o)
                0x0000000000000940                year_days
                0x0000000000000a20                month_days
 .data          0x0000000000000a60        0x0 ../libkernel/libkernel.a(gpf.o)
 .data          0x0000000000000a60        0x0 ../libkernel/libkernel.a(screen_sel_page.o)
 .data          0x0000000000000a60        0x0 ../libkernel/libkernel.a(screen_write.o)
 .data          0x0000000000000a60       0xf9 ../libkernel/libkernel.a(stacktrace.o)
                0x0000000000000a60                stkname
                0x0000000000000a8c                tssname
                0x0000000000000acc                dbgname
                0x0000000000000aec                intname
                0x0000000000000afc                regname
 *fill*         0x0000000000000b59        0x3 
 .data          0x0000000000000b5c        0x0 ../libkernel/libkernel.a(int32_to_hex.o)
 .data          0x0000000000000b5c        0x0 ../libkernel/libkernel.a(screen_get_page.o)
 .data          0x0000000000000b5c        0x0 ../libkernel/libkernel.a(int_to_hex.o)
 .data          0x0000000000000b5c        0x0 ../libkernel/libkernel.a(screen_get_pos.o)
 .data          0x0000000000000b5c        0x0 ../libkernel/libkernel.a(screen_scrollup.o)
 .data          0x0000000000000b5c        0x0 ../libkernel/libkernel.a(screen_set_cursor.o)
 .data          0x0000000000000b5c       0x10 ../libkernel/libkernel.a(hexdigits.o)
                0x0000000000000b5c                hex_digits
 *(.rodata)
 .rodata        0x0000000000000b6c        0x4 pfhandler.o
                0x0000000000000b6c                maxNumberOfPages
                0x0000000000000b70                PROVIDE (edata, .)
                0x0000000000000b70                . = ALIGN (0x10)

.igot.plt       0x0000000000000b70        0x0 load address 0x0000000000010b70
 .igot.plt      0x0000000000000b70        0x0 pgftdemo.o

.bss            0x0000000000001000    0x25000 load address 0x0000000000011000
                0x0000000000001000                bss = .
                0x0000000000001000                _bss = .
                0x0000000000001000                __bss = .
 *(.bss)
 .bss           0x0000000000001000        0x0 pgftdemo.o
 .bss           0x0000000000001000       0x20 pfhandler.o
                0x0000000000001000                replace_pde_offset
                0x0000000000001004                page_counter
 .bss           0x0000000000001020        0x0 ../libkernel/obj/start.o
 .bss           0x0000000000001020        0x0 ../libkernel/libkernel.a(rtc_mktime.o)
 .bss           0x0000000000001020        0x0 ../libkernel/libkernel.a(gpf.o)
 .bss           0x0000000000001020        0x0 ../libkernel/libkernel.a(screen_sel_page.o)
 .bss           0x0000000000001020        0x0 ../libkernel/libkernel.a(screen_write.o)
 .bss           0x0000000000001020        0x0 ../libkernel/libkernel.a(stacktrace.o)
 .bss           0x0000000000001020        0x0 ../libkernel/libkernel.a(screen_get_page.o)
 .bss           0x0000000000001020        0x0 ../libkernel/libkernel.a(screen_get_pos.o)
 .bss           0x0000000000001020        0x0 ../libkernel/libkernel.a(screen_scrollup.o)
 .bss           0x0000000000001020        0x0 ../libkernel/libkernel.a(screen_set_cursor.o)
                0x0000000000001020                PROVIDE (ebss, .)
                0x0000000000001020                . = ALIGN (0x10)
 *fill*         0x0000000000001020      0xfe0 
 COMMON         0x0000000000002000    0x24000 pfhandler.o
                0x0000000000002000                programm_page_table
                0x0000000000003000                kernel_page_table
                0x0000000000004000                stack_page_table
                0x0000000000005000                page_bitfield
                0x0000000000025000                page_directory
                0x0000000000026000                end = .
                0x0000000000026000                _end = .
                0x0000000000026000                __end = .
LOAD ../libkernel/libkernel.a
OUTPUT(pgftdemo.elf elf32-i386)

.debug_info     0x0000000000000000      0x8a0
 .debug_info    0x0000000000000000      0x386 pfhandler.o
 .debug_info    0x0000000000000386       0x5c ../libkernel/obj/start.o
 .debug_info    0x00000000000003e2      0x13d ../libkernel/libkernel.a(rtc_mktime.o)
 .debug_info    0x000000000000051f       0x56 ../libkernel/libkernel.a(gpf.o)
 .debug_info    0x0000000000000575       0x62 ../libkernel/libkernel.a(screen_sel_page.o)
 .debug_info    0x00000000000005d7       0x5f ../libkernel/libkernel.a(screen_write.o)
 .debug_info    0x0000000000000636       0x5d ../libkernel/libkernel.a(stacktrace.o)
 .debug_info    0x0000000000000693       0x43 ../libkernel/libkernel.a(int32_to_hex.o)
 .debug_info    0x00000000000006d6       0x62 ../libkernel/libkernel.a(screen_get_page.o)
 .debug_info    0x0000000000000738       0x41 ../libkernel/libkernel.a(int_to_hex.o)
 .debug_info    0x0000000000000779       0x61 ../libkernel/libkernel.a(screen_get_pos.o)
 .debug_info    0x00000000000007da       0x62 ../libkernel/libkernel.a(screen_scrollup.o)
 .debug_info    0x000000000000083c       0x64 ../libkernel/libkernel.a(screen_set_cursor.o)
 .debug_info    0x00000000000008a0        0x0 ../libkernel/libkernel.a(hexdigits.o)

.debug_abbrev   0x0000000000000000      0x2ec
 .debug_abbrev  0x0000000000000000      0x156 pfhandler.o
 .debug_abbrev  0x0000000000000156       0x12 ../libkernel/obj/start.o
 .debug_abbrev  0x0000000000000168       0xb0 ../libkernel/libkernel.a(rtc_mktime.o)
 .debug_abbrev  0x0000000000000218       0x14 ../libkernel/libkernel.a(gpf.o)
 .debug_abbrev  0x000000000000022c       0x14 ../libkernel/libkernel.a(screen_sel_page.o)
 .debug_abbrev  0x0000000000000240       0x14 ../libkernel/libkernel.a(screen_write.o)
 .debug_abbrev  0x0000000000000254       0x14 ../libkernel/libkernel.a(stacktrace.o)
 .debug_abbrev  0x0000000000000268       0x1a ../libkernel/libkernel.a(int32_to_hex.o)
 .debug_abbrev  0x0000000000000282       0x14 ../libkernel/libkernel.a(screen_get_page.o)
 .debug_abbrev  0x0000000000000296       0x1a ../libkernel/libkernel.a(int_to_hex.o)
 .debug_abbrev  0x00000000000002b0       0x14 ../libkernel/libkernel.a(screen_get_pos.o)
 .debug_abbrev  0x00000000000002c4       0x14 ../libkernel/libkernel.a(screen_scrollup.o)
 .debug_abbrev  0x00000000000002d8       0x14 ../libkernel/libkernel.a(screen_set_cursor.o)
 .debug_abbrev  0x00000000000002ec        0x0 ../libkernel/libkernel.a(hexdigits.o)

.debug_loc      0x0000000000000000      0x426
 .debug_loc     0x0000000000000000      0x281 pfhandler.o
 .debug_loc     0x0000000000000281      0x185 ../libkernel/libkernel.a(rtc_mktime.o)
 .debug_loc     0x0000000000000406       0x10 ../libkernel/libkernel.a(int32_to_hex.o)
 .debug_loc     0x0000000000000416       0x10 ../libkernel/libkernel.a(int_to_hex.o)
 .debug_loc     0x0000000000000426        0x0 ../libkernel/libkernel.a(hexdigits.o)

.debug_aranges  0x0000000000000000      0x1a8
 .debug_aranges
                0x0000000000000000       0x20 pfhandler.o
 .debug_aranges
                0x0000000000000020       0x28 ../libkernel/obj/start.o
 .debug_aranges
                0x0000000000000048       0x20 ../libkernel/libkernel.a(rtc_mktime.o)
 .debug_aranges
                0x0000000000000068       0x20 ../libkernel/libkernel.a(gpf.o)
 .debug_aranges
                0x0000000000000088       0x20 ../libkernel/libkernel.a(screen_sel_page.o)
 .debug_aranges
                0x00000000000000a8       0x20 ../libkernel/libkernel.a(screen_write.o)
 .debug_aranges
                0x00000000000000c8       0x20 ../libkernel/libkernel.a(stacktrace.o)
 .debug_aranges
                0x00000000000000e8       0x20 ../libkernel/libkernel.a(int32_to_hex.o)
 .debug_aranges
                0x0000000000000108       0x20 ../libkernel/libkernel.a(screen_get_page.o)
 .debug_aranges
                0x0000000000000128       0x20 ../libkernel/libkernel.a(int_to_hex.o)
 .debug_aranges
                0x0000000000000148       0x20 ../libkernel/libkernel.a(screen_get_pos.o)
 .debug_aranges
                0x0000000000000168       0x20 ../libkernel/libkernel.a(screen_scrollup.o)
 .debug_aranges
                0x0000000000000188       0x20 ../libkernel/libkernel.a(screen_set_cursor.o)
 .debug_aranges
                0x00000000000001a8        0x0 ../libkernel/libkernel.a(hexdigits.o)

.debug_ranges   0x0000000000000000       0x38
 .debug_ranges  0x0000000000000000       0x18 pfhandler.o
 .debug_ranges  0x0000000000000018       0x20 ../libkernel/obj/start.o

.debug_line     0x0000000000000000      0x5bc
 .debug_line    0x0000000000000000       0xb2 pfhandler.o
 .debug_line    0x00000000000000b2       0xe9 ../libkernel/obj/start.o
 .debug_line    0x000000000000019b       0x4a ../libkernel/libkernel.a(rtc_mktime.o)
 .debug_line    0x00000000000001e5       0x62 ../libkernel/libkernel.a(gpf.o)
 .debug_line    0x0000000000000247       0x70 ../libkernel/libkernel.a(screen_sel_page.o)
 .debug_line    0x00000000000002b7       0x6f ../libkernel/libkernel.a(screen_write.o)
 .debug_line    0x0000000000000326       0x8c ../libkernel/libkernel.a(stacktrace.o)
 .debug_line    0x00000000000003b2       0x51 ../libkernel/libkernel.a(int32_to_hex.o)
 .debug_line    0x0000000000000403       0x5f ../libkernel/libkernel.a(screen_get_page.o)
 .debug_line    0x0000000000000462       0x4e ../libkernel/libkernel.a(int_to_hex.o)
 .debug_line    0x00000000000004b0       0x4d ../libkernel/libkernel.a(screen_get_pos.o)
 .debug_line    0x00000000000004fd       0x57 ../libkernel/libkernel.a(screen_scrollup.o)
 .debug_line    0x0000000000000554       0x68 ../libkernel/libkernel.a(screen_set_cursor.o)
 .debug_line    0x00000000000005bc        0x0 ../libkernel/libkernel.a(hexdigits.o)

.debug_str      0x0000000000000000      0x339
 .debug_str     0x0000000000000000      0x218 pfhandler.o
                                        0x239 (size before relaxing)
 .debug_str     0x0000000000000218      0x121 ../libkernel/libkernel.a(rtc_mktime.o)
                                        0x146 (size before relaxing)

.comment        0x0000000000000000       0x48
 .comment       0x0000000000000000       0x24 pfhandler.o
                                         0x25 (size before relaxing)
 .comment       0x0000000000000024       0x24 ../libkernel/libkernel.a(rtc_mktime.o)
                                         0x25 (size before relaxing)

.note.GNU-stack
                0x0000000000000000        0x0
 .note.GNU-stack
                0x0000000000000000        0x0 pfhandler.o
 .note.GNU-stack
                0x0000000000000000        0x0 ../libkernel/libkernel.a(rtc_mktime.o)

.debug_pubnames
                0x0000000000000000       0x24
 .debug_pubnames
                0x0000000000000000       0x12 ../libkernel/libkernel.a(int32_to_hex.o)
 .debug_pubnames
                0x0000000000000012       0x12 ../libkernel/libkernel.a(int_to_hex.o)
 .debug_pubnames
                0x0000000000000024        0x0 ../libkernel/libkernel.a(hexdigits.o)

.debug_frame    0x0000000000000000       0x10
 .debug_frame   0x0000000000000000        0x4 ../libkernel/libkernel.a(int32_to_hex.o)
 *fill*         0x0000000000000004        0x4 
 .debug_frame   0x0000000000000008        0x4 ../libkernel/libkernel.a(int_to_hex.o)
 *fill*         0x000000000000000c        0x4 
 .debug_frame   0x0000000000000010        0x0 ../libkernel/libkernel.a(hexdigits.o)

Cross Reference Table

Symbol                                            File
DBG_NUM                                           ../libkernel/libkernel.a(stacktrace.o)
INT_NUM                                           ../libkernel/libkernel.a(stacktrace.o)
                                                  ../libkernel/libkernel.a(gpf.o)
REG_NUM                                           ../libkernel/libkernel.a(stacktrace.o)
STK_NUM                                           ../libkernel/libkernel.a(stacktrace.o)
                                                  ../libkernel/libkernel.a(gpf.o)
TSS_NUM                                           ../libkernel/libkernel.a(stacktrace.o)
_start                                            ../libkernel/obj/start.o
bail_out                                          pgftdemo.o
                                                  ../libkernel/libkernel.a(gpf.o)
bss                                               ../libkernel/obj/start.o
dbgname                                           ../libkernel/libkernel.a(stacktrace.o)
edata                                             ../libkernel/obj/start.o
end                                               ../libkernel/obj/start.o
etext                                             ../libkernel/obj/start.o
get_flags_str                                     ../libkernel/libkernel.a(stacktrace.o)
hex_digits                                        ../libkernel/libkernel.a(hexdigits.o)
                                                  ../libkernel/libkernel.a(int_to_hex.o)
                                                  ../libkernel/libkernel.a(int32_to_hex.o)
init_paging                                       pfhandler.o
                                                  pgftdemo.o
int32_to_hex                                      ../libkernel/libkernel.a(int32_to_hex.o)
                                                  ../libkernel/libkernel.a(stacktrace.o)
int_to_hex                                        ../libkernel/libkernel.a(int_to_hex.o)
                                                  pgftdemo.o
intname                                           ../libkernel/libkernel.a(stacktrace.o)
                                                  ../libkernel/libkernel.a(gpf.o)
isPresentBit                                      pfhandler.o
isrGPF                                            ../libkernel/libkernel.a(gpf.o)
                                                  pgftdemo.o
kernel_page_table                                 pfhandler.o
main                                              pgftdemo.o
                                                  ../libkernel/obj/start.o
maxNumberOfPages                                  pfhandler.o
month_days                                        ../libkernel/libkernel.a(rtc_mktime.o)
page_bitfield                                     pfhandler.o
page_counter                                      pfhandler.o
page_directory                                    pfhandler.o
pfhandler                                         pfhandler.o
                                                  pgftdemo.o
pm_enter                                          ../libkernel/obj/start.o
                                                  pgftdemo.o
print_stacktrace                                  ../libkernel/libkernel.a(stacktrace.o)
                                                  ../libkernel/libkernel.a(gpf.o)
privCS                                            pgftdemo.o
privDS                                            pgftdemo.o
                                                  ../libkernel/libkernel.a(screen_set_cursor.o)
                                                  ../libkernel/libkernel.a(screen_sel_page.o)
                                                  ../libkernel/libkernel.a(gpf.o)
                                                  ../libkernel/obj/start.o
privSS                                            pgftdemo.o
                                                  ../libkernel/obj/start.o
programm_page_table                               pfhandler.o
regGDT                                            pgftdemo.o
                                                  ../libkernel/obj/start.o
regIDT                                            pgftdemo.o
                                                  ../libkernel/obj/start.o
regname                                           ../libkernel/libkernel.a(stacktrace.o)
replace_pde_offset                                pfhandler.o
replace_pte_offset                                pfhandler.o
rm_enter                                          ../libkernel/obj/start.o
                                                  pgftdemo.o
rtc_mktime                                        ../libkernel/libkernel.a(rtc_mktime.o)
                                                  ../libkernel/obj/start.o
screen_get_page                                   ../libkernel/libkernel.a(screen_get_page.o)
                                                  ../libkernel/libkernel.a(screen_scrollup.o)
                                                  ../libkernel/libkernel.a(stacktrace.o)
                                                  ../libkernel/libkernel.a(screen_write.o)
screen_get_pos                                    ../libkernel/libkernel.a(screen_get_pos.o)
                                                  ../libkernel/libkernel.a(screen_write.o)
screen_scrollup                                   ../libkernel/libkernel.a(screen_scrollup.o)
                                                  ../libkernel/libkernel.a(screen_write.o)
screen_sel_page                                   ../libkernel/libkernel.a(screen_sel_page.o)
                                                  pgftdemo.o
screen_set_cursor                                 ../libkernel/libkernel.a(screen_set_cursor.o)
                                                  ../libkernel/libkernel.a(screen_write.o)
screen_write                                      ../libkernel/libkernel.a(screen_write.o)
                                                  pgftdemo.o
selPM32                                           pgftdemo.o
selRM16                                           pgftdemo.o
selUsr                                            pgftdemo.o
sel_bs                                            pgftdemo.o
                                                  ../libkernel/libkernel.a(screen_set_cursor.o)
                                                  ../libkernel/libkernel.a(screen_get_pos.o)
                                                  ../libkernel/libkernel.a(screen_get_page.o)
                                                  ../libkernel/libkernel.a(screen_sel_page.o)
sel_cs                                            pgftdemo.o
sel_ds                                            pgftdemo.o
sel_es                                            pgftdemo.o
                                                  ../libkernel/libkernel.a(stacktrace.o)
                                                  ../libkernel/libkernel.a(screen_write.o)
                                                  ../libkernel/obj/start.o
setPresentBit                                     pfhandler.o
stack_page_table                                  pfhandler.o
startaddress                                      pfhandler.o
stkname                                           ../libkernel/libkernel.a(stacktrace.o)
                                                  ../libkernel/libkernel.a(gpf.o)
theGDT                                            pgftdemo.o
                                                  ../libkernel/libkernel.a(gpf.o)
theIDT                                            pgftdemo.o
ticks                                             ../libkernel/obj/start.o
tssname                                           ../libkernel/libkernel.a(stacktrace.o)
year_days                                         ../libkernel/libkernel.a(rtc_mktime.o)
