Archive member included to satisfy reference by file (symbol)

../libkernel/libkernel.a(rtc_mktime.o)
                              ../libkernel/obj/start.o (rtc_mktime)
../libkernel/libkernel.a(gpf.o)
                              pgftdemo.o (isrGPF)
../libkernel/libkernel.a(screen_sel_page.o)
                              pgftdemo.o (screen_sel_page)
../libkernel/libkernel.a(screen_write.o)
                              pgftdemo.o (screen_write)
../libkernel/libkernel.a(stacktrace.o)
                              ../libkernel/libkernel.a(gpf.o) (stkname)
../libkernel/libkernel.a(int32_to_hex.o)
                              ../libkernel/libkernel.a(stacktrace.o) (int32_to_hex)
../libkernel/libkernel.a(screen_get_page.o)
                              ../libkernel/libkernel.a(screen_write.o) (screen_get_page)
../libkernel/libkernel.a(int_to_hex.o)
                              pgftdemo.o (int_to_hex)
../libkernel/libkernel.a(screen_get_pos.o)
                              ../libkernel/libkernel.a(screen_write.o) (screen_get_pos)
../libkernel/libkernel.a(screen_scrollup.o)
                              ../libkernel/libkernel.a(screen_write.o) (screen_scrollup)
../libkernel/libkernel.a(screen_set_cursor.o)
                              ../libkernel/libkernel.a(screen_write.o) (screen_set_cursor)
../libkernel/libkernel.a(hexdigits.o)
                              ../libkernel/libkernel.a(int32_to_hex.o) (hex_digits)

Memory Configuration

Name             Origin             Length             Attributes
*default*        0x0000000000000000 0xffffffffffffffff

Linker script and memory map

LOAD pgftdemo.o
LOAD pfhandler.o
                0x0000000000010000                LD_DATA_ADDR = 0x10000
                0x0000000000018000                LD_BSS_ADDR = 0x18000
                0x0000000000010000                LD_TEXT_START = 0x10000
                0x0000000000020000                LD_DATA_START = (LD_TEXT_START + LD_DATA_ADDR)
                0x0000000000028000                LD_BSS_START = (LD_TEXT_START + LD_BSS_ADDR)

.signature      0x0000000000000000       0x21
 start.o(.signature)
 .signature     0x0000000000000000       0x14 ../libkernel/obj/start.o
 .signature     0x0000000000000014        0xd pgftdemo.o

.eh_frame       0x0000000000000024       0x50
 .eh_frame      0x0000000000000024       0x2c pfhandler.o
 .eh_frame      0x0000000000000050       0x24 ../libkernel/libkernel.a(rtc_mktime.o)
                                         0x3c (size before relaxing)

.note.gnu.build-id
                0x0000000000000074       0x20
 *(.note.gnu.build-id)
 .note.gnu.build-id
                0x0000000000000074       0x20 pgftdemo.o

.text16         0x0000000000000098      0x178
 start.o(.text16)
 .text16        0x0000000000000098      0x175 ../libkernel/obj/start.o
                0x0000000000000098                _start
                0x00000000000000d7                rm_enter
 *(.text16)
                0x0000000000000210                . = ALIGN (0x10)
 *fill*         0x000000000000020d        0x3 

.text           0x0000000000000210      0x521
                0x0000000000000210                code = .
                0x0000000000000210                _code = .
                0x0000000000000210                __code = .
 start.o(.text)
 .text          0x0000000000000210       0x47 ../libkernel/obj/start.o
                0x0000000000000210                pm_enter
 *(.text)
 .text          0x0000000000000257       0xb6 pgftdemo.o
                0x0000000000000257                main
                0x000000000000030b                bail_out
 .text          0x000000000000030d       0x45 pfhandler.o
                0x000000000000030d                pfhandler
 .text          0x0000000000000352       0x5d ../libkernel/libkernel.a(rtc_mktime.o)
                0x0000000000000352                rtc_mktime
 *fill*         0x00000000000003af        0x1 
 .text          0x00000000000003b0       0x80 ../libkernel/libkernel.a(gpf.o)
                0x00000000000003b0                isrGPF
 .text          0x0000000000000430       0x69 ../libkernel/libkernel.a(screen_sel_page.o)
                0x0000000000000430                screen_sel_page
 *fill*         0x0000000000000499        0x7 
 .text          0x00000000000004a0       0x73 ../libkernel/libkernel.a(screen_write.o)
                0x00000000000004a0                screen_write
 *fill*         0x0000000000000513        0x5 
 .text          0x0000000000000518       0xd5 ../libkernel/libkernel.a(stacktrace.o)
                0x0000000000000518                print_stacktrace
                0x00000000000005c8                get_flags_str
 *fill*         0x00000000000005ed        0x3 
 .text          0x00000000000005f0       0x21 ../libkernel/libkernel.a(int32_to_hex.o)
                0x00000000000005f0                int32_to_hex
 *fill*         0x0000000000000611        0x7 
 .text          0x0000000000000618       0x39 ../libkernel/libkernel.a(screen_get_page.o)
                0x0000000000000618                screen_get_page
 *fill*         0x0000000000000651        0xf 
 .text          0x0000000000000660       0x1c ../libkernel/libkernel.a(int_to_hex.o)
                0x0000000000000660                int_to_hex
 .text          0x000000000000067c       0x25 ../libkernel/libkernel.a(screen_get_pos.o)
                0x000000000000067c                screen_get_pos
 *fill*         0x00000000000006a1        0x7 
 .text          0x00000000000006a8       0x34 ../libkernel/libkernel.a(screen_scrollup.o)
                0x00000000000006a8                screen_scrollup
 *fill*         0x00000000000006dc        0x4 
 .text          0x00000000000006e0       0x51 ../libkernel/libkernel.a(screen_set_cursor.o)
                0x00000000000006e0                screen_set_cursor
                0x0000000000000731                PROVIDE (etext, .)

.iplt           0x0000000000000740        0x0
 .iplt          0x0000000000000740        0x0 pgftdemo.o

.rel.dyn        0x0000000000000734        0x0
 .rel.iplt      0x0000000000000734        0x0 pgftdemo.o
 .rel.text      0x0000000000000734        0x0 pgftdemo.o
 .rel.signature
                0x0000000000000734        0x0 pgftdemo.o

.data           0x0000000000000000      0xb70 load address 0x0000000000010000
                0x0000000000000000                data = .
                0x0000000000000000                _data = .
                0x0000000000000000                __data = .
                0x0000000000000000                sdata = ADDR (.data)
 *(.data)
 .data          0x0000000000000000      0x8ed pgftdemo.o
                0x0000000000000000                theGDT
                0x0000000000000060                regGDT
                0x0000000000000070                theIDT
                0x0000000000000870                regIDT
 .data          0x00000000000008ed        0x0 pfhandler.o
 *fill*         0x00000000000008ed        0x3 
 .data          0x00000000000008f0       0x44 ../libkernel/obj/start.o
                0x0000000000000930                ticks
 *fill*         0x0000000000000934        0xc 
 .data          0x0000000000000940      0x120 ../libkernel/libkernel.a(rtc_mktime.o)
                0x0000000000000940                year_days
                0x0000000000000a20                month_days
 .data          0x0000000000000a60        0x0 ../libkernel/libkernel.a(gpf.o)
 .data          0x0000000000000a60        0x0 ../libkernel/libkernel.a(screen_sel_page.o)
 .data          0x0000000000000a60        0x0 ../libkernel/libkernel.a(screen_write.o)
 .data          0x0000000000000a60       0xf9 ../libkernel/libkernel.a(stacktrace.o)
                0x0000000000000a60                stkname
                0x0000000000000a8c                tssname
                0x0000000000000acc                dbgname
                0x0000000000000aec                intname
                0x0000000000000afc                regname
 *fill*         0x0000000000000b59        0x3 
 .data          0x0000000000000b5c        0x0 ../libkernel/libkernel.a(int32_to_hex.o)
 .data          0x0000000000000b5c        0x0 ../libkernel/libkernel.a(screen_get_page.o)
 .data          0x0000000000000b5c        0x0 ../libkernel/libkernel.a(int_to_hex.o)
 .data          0x0000000000000b5c        0x0 ../libkernel/libkernel.a(screen_get_pos.o)
 .data          0x0000000000000b5c        0x0 ../libkernel/libkernel.a(screen_scrollup.o)
 .data          0x0000000000000b5c        0x0 ../libkernel/libkernel.a(screen_set_cursor.o)
 .data          0x0000000000000b5c       0x10 ../libkernel/libkernel.a(hexdigits.o)
                0x0000000000000b5c                hex_digits
 *(.rodata)
                0x0000000000000b6c                PROVIDE (edata, .)
                0x0000000000000b70                . = ALIGN (0x10)
 *fill*         0x0000000000000b6c        0x4 

.igot.plt       0x0000000000000b70        0x0 load address 0x0000000000010b70
 .igot.plt      0x0000000000000b70        0x0 pgftdemo.o

.bss            0x0000000000000b70       0x20 load address 0x0000000000010b70
                0x0000000000000b70                bss = .
                0x0000000000000b70                _bss = .
                0x0000000000000b70                __bss = .
 *(.bss)
 .bss           0x0000000000000b70        0x0 pgftdemo.o
 .bss           0x0000000000000b70       0x18 pfhandler.o
 .bss           0x0000000000000b88        0x0 ../libkernel/obj/start.o
 .bss           0x0000000000000b88        0x0 ../libkernel/libkernel.a(rtc_mktime.o)
 .bss           0x0000000000000b88        0x0 ../libkernel/libkernel.a(gpf.o)
 .bss           0x0000000000000b88        0x0 ../libkernel/libkernel.a(screen_sel_page.o)
 .bss           0x0000000000000b88        0x0 ../libkernel/libkernel.a(screen_write.o)
 .bss           0x0000000000000b88        0x0 ../libkernel/libkernel.a(stacktrace.o)
 .bss           0x0000000000000b88        0x0 ../libkernel/libkernel.a(screen_get_page.o)
 .bss           0x0000000000000b88        0x0 ../libkernel/libkernel.a(screen_get_pos.o)
 .bss           0x0000000000000b88        0x0 ../libkernel/libkernel.a(screen_scrollup.o)
 .bss           0x0000000000000b88        0x0 ../libkernel/libkernel.a(screen_set_cursor.o)
                0x0000000000000b88                PROVIDE (ebss, .)
                0x0000000000000b90                . = ALIGN (0x10)
 *fill*         0x0000000000000b88        0x8 
                0x0000000000000b90                end = .
                0x0000000000000b90                _end = .
                0x0000000000000b90                __end = .
LOAD ../libkernel/libkernel.a
OUTPUT(pgftdemo.elf elf32-i386)

.debug_info     0x0000000000000000      0x66e
 .debug_info    0x0000000000000000       0xcc pfhandler.o
 .debug_info    0x00000000000000cc       0x6c ../libkernel/obj/start.o
 .debug_info    0x0000000000000138      0x13d ../libkernel/libkernel.a(rtc_mktime.o)
 .debug_info    0x0000000000000275       0x56 ../libkernel/libkernel.a(gpf.o)
 .debug_info    0x00000000000002cb       0x7a ../libkernel/libkernel.a(screen_sel_page.o)
 .debug_info    0x0000000000000345       0x77 ../libkernel/libkernel.a(screen_write.o)
 .debug_info    0x00000000000003bc       0x75 ../libkernel/libkernel.a(stacktrace.o)
 .debug_info    0x0000000000000431       0x43 ../libkernel/libkernel.a(int32_to_hex.o)
 .debug_info    0x0000000000000474       0x62 ../libkernel/libkernel.a(screen_get_page.o)
 .debug_info    0x00000000000004d6       0x41 ../libkernel/libkernel.a(int_to_hex.o)
 .debug_info    0x0000000000000517       0x79 ../libkernel/libkernel.a(screen_get_pos.o)
 .debug_info    0x0000000000000590       0x7a ../libkernel/libkernel.a(screen_scrollup.o)
 .debug_info    0x000000000000060a       0x64 ../libkernel/libkernel.a(screen_set_cursor.o)
 .debug_info    0x000000000000066e        0x0 ../libkernel/libkernel.a(hexdigits.o)

.debug_abbrev   0x0000000000000000      0x232
 .debug_abbrev  0x0000000000000000       0x9c pfhandler.o
 .debug_abbrev  0x000000000000009c       0x12 ../libkernel/obj/start.o
 .debug_abbrev  0x00000000000000ae       0xb0 ../libkernel/libkernel.a(rtc_mktime.o)
 .debug_abbrev  0x000000000000015e       0x14 ../libkernel/libkernel.a(gpf.o)
 .debug_abbrev  0x0000000000000172       0x14 ../libkernel/libkernel.a(screen_sel_page.o)
 .debug_abbrev  0x0000000000000186       0x14 ../libkernel/libkernel.a(screen_write.o)
 .debug_abbrev  0x000000000000019a       0x14 ../libkernel/libkernel.a(stacktrace.o)
 .debug_abbrev  0x00000000000001ae       0x1a ../libkernel/libkernel.a(int32_to_hex.o)
 .debug_abbrev  0x00000000000001c8       0x14 ../libkernel/libkernel.a(screen_get_page.o)
 .debug_abbrev  0x00000000000001dc       0x1a ../libkernel/libkernel.a(int_to_hex.o)
 .debug_abbrev  0x00000000000001f6       0x14 ../libkernel/libkernel.a(screen_get_pos.o)
 .debug_abbrev  0x000000000000020a       0x14 ../libkernel/libkernel.a(screen_scrollup.o)
 .debug_abbrev  0x000000000000021e       0x14 ../libkernel/libkernel.a(screen_set_cursor.o)
 .debug_abbrev  0x0000000000000232        0x0 ../libkernel/libkernel.a(hexdigits.o)

.debug_aranges  0x0000000000000000      0x1a8
 .debug_aranges
                0x0000000000000000       0x20 pfhandler.o
 .debug_aranges
                0x0000000000000020       0x28 ../libkernel/obj/start.o
 .debug_aranges
                0x0000000000000048       0x20 ../libkernel/libkernel.a(rtc_mktime.o)
 .debug_aranges
                0x0000000000000068       0x20 ../libkernel/libkernel.a(gpf.o)
 .debug_aranges
                0x0000000000000088       0x20 ../libkernel/libkernel.a(screen_sel_page.o)
 .debug_aranges
                0x00000000000000a8       0x20 ../libkernel/libkernel.a(screen_write.o)
 .debug_aranges
                0x00000000000000c8       0x20 ../libkernel/libkernel.a(stacktrace.o)
 .debug_aranges
                0x00000000000000e8       0x20 ../libkernel/libkernel.a(int32_to_hex.o)
 .debug_aranges
                0x0000000000000108       0x20 ../libkernel/libkernel.a(screen_get_page.o)
 .debug_aranges
                0x0000000000000128       0x20 ../libkernel/libkernel.a(int_to_hex.o)
 .debug_aranges
                0x0000000000000148       0x20 ../libkernel/libkernel.a(screen_get_pos.o)
 .debug_aranges
                0x0000000000000168       0x20 ../libkernel/libkernel.a(screen_scrollup.o)
 .debug_aranges
                0x0000000000000188       0x20 ../libkernel/libkernel.a(screen_set_cursor.o)
 .debug_aranges
                0x00000000000001a8        0x0 ../libkernel/libkernel.a(hexdigits.o)

.debug_line     0x0000000000000000      0x54c
 .debug_line    0x0000000000000000       0x42 pfhandler.o
 .debug_line    0x0000000000000042       0xe9 ../libkernel/obj/start.o
 .debug_line    0x000000000000012b       0x4a ../libkernel/libkernel.a(rtc_mktime.o)
 .debug_line    0x0000000000000175       0x62 ../libkernel/libkernel.a(gpf.o)
 .debug_line    0x00000000000001d7       0x70 ../libkernel/libkernel.a(screen_sel_page.o)
 .debug_line    0x0000000000000247       0x6f ../libkernel/libkernel.a(screen_write.o)
 .debug_line    0x00000000000002b6       0x8c ../libkernel/libkernel.a(stacktrace.o)
 .debug_line    0x0000000000000342       0x51 ../libkernel/libkernel.a(int32_to_hex.o)
 .debug_line    0x0000000000000393       0x5f ../libkernel/libkernel.a(screen_get_page.o)
 .debug_line    0x00000000000003f2       0x4e ../libkernel/libkernel.a(int_to_hex.o)
 .debug_line    0x0000000000000440       0x4d ../libkernel/libkernel.a(screen_get_pos.o)
 .debug_line    0x000000000000048d       0x57 ../libkernel/libkernel.a(screen_scrollup.o)
 .debug_line    0x00000000000004e4       0x68 ../libkernel/libkernel.a(screen_set_cursor.o)
 .debug_line    0x000000000000054c        0x0 ../libkernel/libkernel.a(hexdigits.o)

.debug_str      0x0000000000000000      0x1f7
 .debug_str     0x0000000000000000       0xcd pfhandler.o
 .debug_str     0x00000000000000cd      0x12a ../libkernel/libkernel.a(rtc_mktime.o)
                                        0x146 (size before relaxing)

.comment        0x0000000000000000       0x48
 .comment       0x0000000000000000       0x24 pfhandler.o
                                         0x25 (size before relaxing)
 .comment       0x0000000000000024       0x24 ../libkernel/libkernel.a(rtc_mktime.o)
                                         0x25 (size before relaxing)

.note.GNU-stack
                0x0000000000000000        0x0
 .note.GNU-stack
                0x0000000000000000        0x0 pfhandler.o
 .note.GNU-stack
                0x0000000000000000        0x0 ../libkernel/libkernel.a(rtc_mktime.o)

.debug_ranges   0x0000000000000000       0x20
 .debug_ranges  0x0000000000000000       0x20 ../libkernel/obj/start.o

.debug_loc      0x0000000000000000      0x1a5
 .debug_loc     0x0000000000000000      0x185 ../libkernel/libkernel.a(rtc_mktime.o)
 .debug_loc     0x0000000000000185       0x10 ../libkernel/libkernel.a(int32_to_hex.o)
 .debug_loc     0x0000000000000195       0x10 ../libkernel/libkernel.a(int_to_hex.o)
 .debug_loc     0x00000000000001a5        0x0 ../libkernel/libkernel.a(hexdigits.o)

.debug_pubnames
                0x0000000000000000       0x24
 .debug_pubnames
                0x0000000000000000       0x12 ../libkernel/libkernel.a(int32_to_hex.o)
 .debug_pubnames
                0x0000000000000012       0x12 ../libkernel/libkernel.a(int_to_hex.o)
 .debug_pubnames
                0x0000000000000024        0x0 ../libkernel/libkernel.a(hexdigits.o)

.debug_frame    0x0000000000000000       0x10
 .debug_frame   0x0000000000000000        0x4 ../libkernel/libkernel.a(int32_to_hex.o)
 *fill*         0x0000000000000004        0x4 
 .debug_frame   0x0000000000000008        0x4 ../libkernel/libkernel.a(int_to_hex.o)
 *fill*         0x000000000000000c        0x4 
 .debug_frame   0x0000000000000010        0x0 ../libkernel/libkernel.a(hexdigits.o)

Cross Reference Table

Symbol                                            File
DBG_NUM                                           ../libkernel/libkernel.a(stacktrace.o)
INT_NUM                                           ../libkernel/libkernel.a(stacktrace.o)
                                                  ../libkernel/libkernel.a(gpf.o)
REG_NUM                                           ../libkernel/libkernel.a(stacktrace.o)
STK_NUM                                           ../libkernel/libkernel.a(stacktrace.o)
                                                  ../libkernel/libkernel.a(gpf.o)
TSS_NUM                                           ../libkernel/libkernel.a(stacktrace.o)
_start                                            ../libkernel/obj/start.o
bail_out                                          pgftdemo.o
                                                  ../libkernel/libkernel.a(gpf.o)
bss                                               ../libkernel/obj/start.o
dbgname                                           ../libkernel/libkernel.a(stacktrace.o)
edata                                             ../libkernel/obj/start.o
end                                               ../libkernel/obj/start.o
etext                                             ../libkernel/obj/start.o
get_flags_str                                     ../libkernel/libkernel.a(stacktrace.o)
hex_digits                                        ../libkernel/libkernel.a(hexdigits.o)
                                                  ../libkernel/libkernel.a(int_to_hex.o)
                                                  ../libkernel/libkernel.a(int32_to_hex.o)
int32_to_hex                                      ../libkernel/libkernel.a(int32_to_hex.o)
                                                  ../libkernel/libkernel.a(stacktrace.o)
int_to_hex                                        ../libkernel/libkernel.a(int_to_hex.o)
                                                  pgftdemo.o
intname                                           ../libkernel/libkernel.a(stacktrace.o)
                                                  ../libkernel/libkernel.a(gpf.o)
isrGPF                                            ../libkernel/libkernel.a(gpf.o)
                                                  pgftdemo.o
main                                              pgftdemo.o
                                                  ../libkernel/obj/start.o
month_days                                        ../libkernel/libkernel.a(rtc_mktime.o)
pfhandler                                         pfhandler.o
                                                  pgftdemo.o
pm_enter                                          ../libkernel/obj/start.o
                                                  pgftdemo.o
print_stacktrace                                  ../libkernel/libkernel.a(stacktrace.o)
                                                  ../libkernel/libkernel.a(gpf.o)
privCS                                            pgftdemo.o
privDS                                            pgftdemo.o
                                                  ../libkernel/libkernel.a(screen_set_cursor.o)
                                                  ../libkernel/libkernel.a(screen_sel_page.o)
                                                  ../libkernel/libkernel.a(gpf.o)
                                                  ../libkernel/obj/start.o
privSS                                            pgftdemo.o
                                                  ../libkernel/obj/start.o
regGDT                                            pgftdemo.o
                                                  ../libkernel/obj/start.o
regIDT                                            pgftdemo.o
                                                  ../libkernel/obj/start.o
regname                                           ../libkernel/libkernel.a(stacktrace.o)
rm_enter                                          ../libkernel/obj/start.o
                                                  pgftdemo.o
rtc_mktime                                        ../libkernel/libkernel.a(rtc_mktime.o)
                                                  ../libkernel/obj/start.o
screen_get_page                                   ../libkernel/libkernel.a(screen_get_page.o)
                                                  ../libkernel/libkernel.a(screen_scrollup.o)
                                                  ../libkernel/libkernel.a(stacktrace.o)
                                                  ../libkernel/libkernel.a(screen_write.o)
screen_get_pos                                    ../libkernel/libkernel.a(screen_get_pos.o)
                                                  ../libkernel/libkernel.a(screen_write.o)
screen_scrollup                                   ../libkernel/libkernel.a(screen_scrollup.o)
                                                  ../libkernel/libkernel.a(screen_write.o)
screen_sel_page                                   ../libkernel/libkernel.a(screen_sel_page.o)
                                                  pgftdemo.o
screen_set_cursor                                 ../libkernel/libkernel.a(screen_set_cursor.o)
                                                  ../libkernel/libkernel.a(screen_write.o)
screen_write                                      ../libkernel/libkernel.a(screen_write.o)
                                                  pgftdemo.o
selPM32                                           pgftdemo.o
selRM16                                           pgftdemo.o
selUsr                                            pgftdemo.o
sel_bs                                            pgftdemo.o
                                                  ../libkernel/libkernel.a(screen_set_cursor.o)
                                                  ../libkernel/libkernel.a(screen_get_pos.o)
                                                  ../libkernel/libkernel.a(screen_get_page.o)
                                                  ../libkernel/libkernel.a(screen_sel_page.o)
sel_cs                                            pgftdemo.o
sel_ds                                            pgftdemo.o
sel_es                                            pgftdemo.o
                                                  ../libkernel/libkernel.a(stacktrace.o)
                                                  ../libkernel/libkernel.a(screen_write.o)
                                                  ../libkernel/obj/start.o
stkname                                           ../libkernel/libkernel.a(stacktrace.o)
                                                  ../libkernel/libkernel.a(gpf.o)
theGDT                                            pgftdemo.o
                                                  ../libkernel/libkernel.a(gpf.o)
theIDT                                            pgftdemo.o
ticks                                             ../libkernel/obj/start.o
tssname                                           ../libkernel/libkernel.a(stacktrace.o)
year_days                                         ../libkernel/libkernel.a(rtc_mktime.o)
